exports[`test highlight snapshot 1`] = `"<pre class=\"editor editor-colors\"><div class=\"line\"><span class=\"text plain null-grammar\"><span>var&nbsp;hello&nbsp;=&nbsp;&quot;world&quot;;</span></span></div></pre>"`;

exports[`test highlight snapshot 2`] = `"<pre class=\"editor editor-colors\"><div class=\"line\"><span class=\"source js\"><span class=\"storage type var js\"><span>var</span></span><span>&nbsp;hello&nbsp;</span><span class=\"keyword operator assignment js\"><span>=</span></span><span>&nbsp;</span><span class=\"string quoted double js\"><span class=\"punctuation definition string begin js\"><span>&quot;</span></span><span>world</span><span class=\"punctuation definition string end js\"><span>&quot;</span></span></span><span class=\"punctuation terminator statement js\"><span>;</span></span></span></div></pre>"`;
